// Jest Snapshot v1, https://goo.gl/fbAQLP

exports[`Pruebas en <RegisterScreen /> Debe de mostrarse correctamente 1`] = `
Array [
  <h3
    className="auth-main__login-tittle"
  >
    Register
  </h3>,
  <form
    className="animate__animated animate__fadeIn animate__faster"
    onSubmit={[Function]}
  >
    <input
      autoComplete="off"
      className="auth-main__input"
      name="name"
      onChange={[Function]}
      placeholder="Name"
      type="text"
      value="gian"
    />
    <input
      autoComplete="off"
      className="auth-main__input"
      name="email"
      onChange={[Function]}
      placeholder="Email"
      type="text"
      value="gian773@gmail.com"
    />
    <input
      className="auth-main__input"
      name="password"
      onChange={[Function]}
      placeholder="Password"
      type="password"
      value="1234567"
    />
    <input
      className="auth-main__input"
      name="confirm"
      onChange={[Function]}
      placeholder="Confirm Password"
      type="password"
      value="1234567"
    />
    <button
      className="btn btn--primary btn--block mb-5"
      type="submit"
    >
      Register
    </button>
    <a
      className="link"
      href="/auth/login"
      onClick={[Function]}
    >
      Already registered?
    </a>
  </form>,
]
`;
