// Jest Snapshot v1, https://goo.gl/fbAQLP

exports[`Pruebas en <JournalEntry /> Debe de mostrarse correctamente 1`] = `
<div
  className="journal__entry pointer animate__animated animate__fadeIn animate__faster"
  onClick={[Function]}
>
  <div
    className="journal__entry--picture"
    style={
      Object {
        "backgroundImage": "url(https://google.com/photo.jpg)",
        "backgroundSize": "cover",
      }
    }
  />
  <div
    className="journal__entry--body"
  >
    <p
      className="journal__entry--body-tittle"
    >
      Hello
    </p>
    <p
      className="journal__entry--body-content"
    >
      Galaxy
    </p>
  </div>
  <div
    className="journal__entry--date-box"
  >
    <span>
      Wednesday
    </span>
    <h4>
      31st
    </h4>
  </div>
</div>
`;
